MaxBin 2.2.7
Input contig: results/assembly/SRR24442552_sub/final.contigs.fa
Located abundance file [results/bins/SRR24442552_sub/mapping/SRR24442552_sub_maxbin_depth.txt]
out header: results/bins/SRR24442552_sub/maxbin2/bins/bin
Thread: 4
Searching against 107 marker genes to find starting seed contigs for [results/assembly/SRR24442552_sub/final.contigs.fa]...
Try harder to dig out marker genes from contigs.
Done data collection. Running MaxBin...
Command: /home/chorispao/miniconda3/envs/maxbin2_env/opt/MaxBin-2.2.7/src/MaxBin -fasta results/bins/SRR24442552_sub/maxbin2/bins/bin.contig.tmp  -abund results/bins/SRR24442552_sub/maxbin2/bins/bin.contig.tmp.abund1 -seed results/bins/SRR24442552_sub/maxbin2/bins/bin.seed -out results/bins/SRR24442552_sub/maxbin2/bins/bin -min_contig_length 1000 -thread 4
Minimum contig length set to 1000.
Reading seed list...
Looking for seeds in sequences.
	k141_2166 [7.163290]
	k141_4123 [4.467910]
Get 2 seeds.

Start EM process.
Iteration 1
Iteration 2
Iteration 3
Iteration 4
Iteration 5
Iteration 6
Iteration 7
Iteration 8
Iteration 9
Iteration 10
Iteration 11
Iteration 12
Iteration 13
Iteration 14
Iteration 15
Iteration 16
Iteration 17
Iteration 18
Iteration 19
Iteration 20
Iteration 21
Iteration 22
Iteration 23
Iteration 24
Iteration 25
Iteration 26
Iteration 27
Iteration 28
Iteration 29
Iteration 30
Iteration 31

EM finishes successfully.

Classifying sequences based on the EM result.
Minimum probability for binning: 0.50
Ignoring 0 bins without any sequences.
Number of unclassified sequences: 0 (0.00%)
Elapsed time:  0 days 00:00:07

Deleting intermediate files.


========== Job finished ==========
Yielded 2 bins for contig (scaffold) file results/assembly/SRR24442552_sub/final.contigs.fa

Here are the output files for this run.
Please refer to the README file for further details.

Summary file: results/bins/SRR24442552_sub/maxbin2/bins/bin.summary
Marker counts: results/bins/SRR24442552_sub/maxbin2/bins/bin.marker
Marker genes for each bin: results/bins/SRR24442552_sub/maxbin2/bins/bin.marker_of_each_gene.tar.gz
Bin files: results/bins/SRR24442552_sub/maxbin2/bins/bin.001.fasta - results/bins/SRR24442552_sub/maxbin2/bins/bin.002.fasta
Unbinned sequences: results/bins/SRR24442552_sub/maxbin2/bins/bin.noclass


========== Elapsed Time ==========
0 hours 0 minutes and 12 seconds.

